// Jest Snapshot v1, https://goo.gl/fbAQLP

exports[`<Footer /> Rendering should render correctly 1`] = `
<footer
  className="footer-container"
>
  <p
    className="copyright-year"
  >
    Â© 2022
  </p>
</footer>
`;
